// Jest Snapshot v1, https://goo.gl/fbAQLP

exports[`Snap shot for ControlPanel 1`] = `
<div>
  <div
    class="wrapper"
  >
    <div
      class="firstSortKey"
    >
      <p>
        First sort key: HSV Hue
      </p>
      <p
        class="description"
      >
        How many divisions of HSV Hue?
      </p>
    </div>
    <button>
      -10
    </button>
    <button>
      -1
    </button>
    <input
      aria-label="num-of-hue-divisions"
      type="text"
      value="10"
    />
    <button>
      +1
    </button>
    <button>
      +10
    </button>
    <div
      class="secondSortKey"
    >
      <p>
        Second sort key
      </p>
      <input
        checked=""
        id="luma"
        type="radio"
        value="luma"
      />
      <label
        for="luma"
      >
        Luma
      </label>
      <input
        id="hsv"
        type="radio"
        value="hsv"
      />
      <label
        for="hsv"
      >
        HSV Value
      </label>
    </div>
  </div>
</div>
`;
